// Jest Snapshot v1, https://goo.gl/fbAQLP

exports[`snapshot testing 1`] = `
<div>
  <section
    id="middle-region"
  >
    <div
      className="game-main-container text-center"
    >
      <div>
        <h1>
          Welcome to the Game
        </h1>
        <Link
          className="game-button start-game-button"
          replace={false}
          to="/round/1"
        >
          Start Game
        </Link>
      </div>
    </div>
  </section>
</div>
`;
